# default file which [check_process]->pslist_file specified.
#
# FORMAT: process-name   process-number[at least]   process-regex
# process-number will be 1 if not numberic
# skip the line that not contains three filed
#
# search process via command:   ps -eo cmd= | grep -E -o -x "${pattern}"
#




# =====================================================================
# 				Example 
# =====================================================================
#
#syslogd		1	syslogd.*-m.*[0-9]*
#
#mailv4_mysql    	1  	/var/eyou/mysql/libexec/mysqld.+my.cnf.+mysql/var.+pid.*
#eyouldap		1	/var/eyou/openldap/libexec/slapd.*
#httpd_web		3 	/var/eyou/apache/bin/httpd.+start.*
#eyou_script		1	/var/eyou/sbin/eyou_scriptd
#smtp			6	/var/eyou/queue/bin/smtpd
#pop3			6	/var/eyou/queue/bin/pop3d
#imap			6	/var/eyou/sbin/imapd
#snmp			1	/var/eyou/net-snmp/sbin/snmpd.+snmpd.conf.+snmpd.pid.*
#unid			1	/var/eyou/sbin/unid
#queue			3	/var/eyou/queue/bin/queue
#mailv5_mysql    	1  	/usr/local/eyou/mail/opt/mysql/bin/mysqld.+my.cnf.+mysql.pid.*
#httpd_web		3 	/usr/local/eyou/mail/opt/bin/httpd.+start.*
#memcache_db		1	/usr/local/eyou/mail/opt/bin/memcachedb.+data/memcachedb.+memcache_db.pid.*
#memcache_fastdb	1	/usr/local/eyou/mail/opt/bin/memcachedb.+data/memcachefastdb.+memcache_fastdb.pid.*
#memcache_session	1	/usr/local/eyou/mail/opt/bin/memcached.+memcache_session.pid.*
#memcache_config	1	/usr/local/eyou/mail/opt/bin/memcached.+memcache_config.pid.*
#gearman_queue_php	1	/usr/local/eyou/mail/opt/sbin/gearmand.+gearman_php.pid.+gearman_queue_php.*
#gearman_queue_mta	1	/usr/local/eyou/mail/opt/sbin/gearmand.+gearman_mta.pid.+gearman_queue_mta.*
#red5			1 	/usr/local/eyou/mail/opt/java/bin/java.+opt/red5.*
#innerapi		6	/usr/local/eyou/mail/opt/bin/php.+app/bin/em_innerapi.*
#phpd			6	/usr/local/eyou/mail/opt/bin/php.+app/bin/em_phpd.*
#filed			3	/usr/local/eyou/mail/app/bin/em_filed.*
#filedagent		3	/usr/local/eyou/mail/app/bin/em_filedagent.*
#syslog			1	/usr/local/eyou/mail/app/bin/em_syslogd
#bounce			3	/usr/local/eyou/mail/app/bin/em_bounce
#local			3	/usr/local/eyou/mail/app/bin/em_local
#remote			3	/usr/local/eyou/mail/app/bin/em_remote
#mlist			3	/usr/local/eyou/mail/app/bin/em_mlist
#smtp			6	/usr/local/eyou/mail/app/bin/em_smtpd
#pop3			6	/usr/local/eyou/mail/app/bin/em_pop3d
#gearman		1	/usr/local/eyou/mail/opt/sbin/gearmand.+gearman.pid.+gearman_queue.+
#httpd_search		3	/usr/local/eyou/mail/opt/bin/httpd.+httpd_search.conf.+start.*
#em_searchdrepc		1	/usr/local/eyou/mail/opt/bin/php.+app/bin/em_searchdrepc.*
#filedrepc		1	/usr/local/eyou/mail/opt/bin/php.+app/bin/em_filedrepc.*
#filedrepd		2	/usr/local/eyou/mail/app/bin/em_filedrepd.*
#qclean			3	/usr/local/eyou/mail/app/bin/em_qclean.*
#magent_session
#magent_config
#magent_db
#magent_fastdb
